// Jest Snapshot v1, https://goo.gl/fbAQLP

exports[`FizzBuzz should match snapshot 1`] = `
<DocumentFragment>
  <div
    class="container"
  >
    <div
      class="row"
    >
      <div
        class="col-6"
      >
        <form
          class=""
        >
          <div
            class="mb-3 input-group"
          >
            <input
              class="form-control"
              data-testid="number-input"
              type="number"
              value="1"
            />
            <div
              class="input-group-append"
            >
              <button
                class="btn btn-primary"
                data-testid="submit-button"
                type="submit"
              >
                <svg
                  alt="Calculate"
                  aria-hidden="true"
                  class="svg-inline--fa fa-calculator fa-w-14 "
                  data-icon="calculator"
                  data-prefix="fas"
                  focusable="false"
                  role="img"
                  viewBox="0 0 448 512"
                  xmlns="http://www.w3.org/2000/svg"
                >
                  <path
                    d="M400 0H48C22.4 0 0 22.4 0 48v416c0 25.6 22.4 48 48 48h352c25.6 0 48-22.4 48-48V48c0-25.6-22.4-48-48-48zM128 435.2c0 6.4-6.4 12.8-12.8 12.8H76.8c-6.4 0-12.8-6.4-12.8-12.8v-38.4c0-6.4 6.4-12.8 12.8-12.8h38.4c6.4 0 12.8 6.4 12.8 12.8v38.4zm0-128c0 6.4-6.4 12.8-12.8 12.8H76.8c-6.4 0-12.8-6.4-12.8-12.8v-38.4c0-6.4 6.4-12.8 12.8-12.8h38.4c6.4 0 12.8 6.4 12.8 12.8v38.4zm128 128c0 6.4-6.4 12.8-12.8 12.8h-38.4c-6.4 0-12.8-6.4-12.8-12.8v-38.4c0-6.4 6.4-12.8 12.8-12.8h38.4c6.4 0 12.8 6.4 12.8 12.8v38.4zm0-128c0 6.4-6.4 12.8-12.8 12.8h-38.4c-6.4 0-12.8-6.4-12.8-12.8v-38.4c0-6.4 6.4-12.8 12.8-12.8h38.4c6.4 0 12.8 6.4 12.8 12.8v38.4zm128 128c0 6.4-6.4 12.8-12.8 12.8h-38.4c-6.4 0-12.8-6.4-12.8-12.8V268.8c0-6.4 6.4-12.8 12.8-12.8h38.4c6.4 0 12.8 6.4 12.8 12.8v166.4zm0-256c0 6.4-6.4 12.8-12.8 12.8H76.8c-6.4 0-12.8-6.4-12.8-12.8V76.8C64 70.4 70.4 64 76.8 64h294.4c6.4 0 12.8 6.4 12.8 12.8v102.4z"
                    fill="currentColor"
                  />
                </svg>
              </button>
            </div>
          </div>
          <p>
            Enter a number between 1 & 99 to determine if it is a factor of (divides evenly into) 3 or 5. Get a "Fizz" if by 3, "Buzz" if by 5, and "
            <strong>
              FIZZBUZZ
            </strong>
            " if both!
          </p>
          <p>
            This is a classic JS algorithm that I've been asked to write more than once during white boarding interviews. I have not remembered it yet. 
            <span
              aria-label="grimmace"
              role="img"
            >
              ðŸ˜¬
            </span>
          </p>
        </form>
      </div>
      <div
        class="col"
      >
        <div
          data-testid="list-area"
          style="border: 1px solid #ccc; border-radius: 4px; overflow: auto; padding: 1rem;"
        >
          <div />
        </div>
      </div>
    </div>
  </div>
</DocumentFragment>
`;
